// Jest Snapshot v1, https://goo.gl/fbAQLP

exports[`multiple highlight start and end 1`] = `
.emotion-1 {
  display: inline-block;
}

<pre
  className="language-js prism-code language-javascript emotion-0"
  style={Object {}}
>
  <div
    className="token-line highlight"
  >
    <span
      className="token plain"
    >
        
    </span>
    <span
      className="token comment"
    >
      // i am highlighted!
    </span>
    <span
      className="token plain"
    >
      
    </span>
  </div>
  <div
    className="token-line"
  >
    <span
      className="token plain emotion-1"
    >
      
    </span>
  </div>
  <div
    className="token-line"
  >
    <span
      className="token plain"
    >
        
    </span>
    <span
      className="token comment"
    >
      // no highlight here ...
    </span>
    <span
      className="token plain"
    >
      
    </span>
  </div>
  <div
    className="token-line"
  >
    <span
      className="token plain emotion-1"
    >
      
    </span>
  </div>
  <div
    className="token-line highlight"
  >
    <span
      className="token plain"
    >
        
    </span>
    <span
      className="token comment"
    >
      // i am also highlighted!
    </span>
    <span
      className="token plain"
    >
      
    </span>
  </div>
  <div
    className="token-line"
  >
    <span
      className="token plain emotion-1"
    >
      
    </span>
  </div>
  <div
    className="token-line"
  >
    <span
      className="token plain"
    >
        
    </span>
    <span
      className="token comment"
    >
      // no highlight here either ...
    </span>
    <span
      className="token plain"
    >
      
    </span>
  </div>
  <div
    className="token-line"
  >
    <span
      className="token plain"
    >
        
    </span>
  </div>
  <div
    className="token-line highlight"
  >
    <span
      className="token plain"
    >
        
    </span>
    <span
      className="token comment"
    >
      // i am highlighted, and
    </span>
    <span
      className="token plain"
    >
      
    </span>
  </div>
  <div
    className="token-line highlight"
  >
    <span
      className="token plain"
    >
        
    </span>
    <span
      className="token comment"
    >
      // so am i!
    </span>
    <span
      className="token plain"
    >
      
    </span>
  </div>
</pre>
`;
